[mosaikdesign.com/index.html]
[backblue.gif]
[fade.gif]
[index.html]
[mosaikdesign.com/wp-content/plugins/instagram-feed/css/sbi-styles.min.css]
[use.fontawesome.com/releases/v5.1.1/css/all.css]
[mosaikdesign.com/feed/index.html]
[mosaikdesign.com/wp-content/themes/Divi/includes/builder/styles/images/preloader.gif]
[mosaikdesign.com/wp-content/themes/Divi/core/admin/fonts/modules/all/modules.eot]
[mosaikdesign.com/wp-content/et-cache/5/et-divi-dynamic-5-late.css]
[mosaikdesign.com/wp-content/et-cache/5/et-divi-dynamic-5.css]
[mosaikdesign.com/wp-content/plugins/divi_extended_column_layouts/style.css]
[mosaikdesign.com/wp-content/themes/MosaikDesign/style.css]
[mosaikdesign.com/wp-includes/js/jquery/jquery.min.js]
[mosaikdesign.com/wp-includes/js/jquery/jquery-migrate.min.js]
[mosaikdesign.com/wp-content/plugins/snazzy-maps/snazzymaps.js]
[mosaikdesign.com/wp-json/index.html]
[mosaikdesign.com/wp-json/wp/v2/pages/5.json]
[mosaikdesign.com/wp-json/oembed/1.0/embed48fb.json]
[mosaikdesign.com/wp-json/oembed/1.0/embedfbec]
[mosaikdesign.com/wp-content/uploads/2019/06/Mosiak__favicon_16x16.png]
[mosaikdesign.com/wp-content/et-cache/5/et-core-unified-deferred-5.mince4d.css]
[mosaikdesign.com/our-services/index.html]
[mosaikdesign.com/our-services/portland-basement-remodel/index.html]
[mosaikdesign.com/our-services/portland-bathroom-remodel/index.html]
[mosaikdesign.com/our-services/portland-kitchen-remodel/index.html]
[mosaikdesign.com/our-services/portland-home-addition-remodel/index.html]
[mosaikdesign.com/our-services/interior-design/index.html]
[mosaikdesign.com/our-services/portland-whole-home-remodel/index.html]
[mosaikdesign.com/portfolio/index.html]
[mosaikdesign.com/portfolio/kitchen-portfolios/index.html]
[mosaikdesign.com/portfolio/bathroom-portfolios/index.html]
[mosaikdesign.com/portfolios/interior-design-portfolio/index.html]
[mosaikdesign.com/design-build-process/index.html]
[mosaikdesign.com/press/index.html]
[mosaikdesign.com/about-us/index.html]
[mosaikdesign.com/blog/index.html]
[mosaikdesign.com/contact/index.html]
[mosaikdesign.com/wp-content/uploads/2019/06/Mosiak_DesignBuildGraphic-01.png]
[mosaikdesign.com/wp-content/uploads/2019/10/Services-Header-Image-Wide.jpg]
[mosaikdesign.com/wp-content/uploads/2019/06/Kitchen-Portland-Mosiak.jpg]
[mosaikdesign.com/wp-content/uploads/2019/09/mid-century-bathroom-with-large-mirrors-800x530.jpg]
[mosaikdesign.com/wp-content/uploads/2019/06/Home-Additions-Portland-Mosaik.jpg]
[mosaikdesign.com/wp-content/uploads/2019/09/Mosaik-Design-kitchen-Remodel.jpg]
[mosaikdesign.com/wp-content/uploads/2019/06/Home-Basements-Portland-Mosaik.jpg]
[mosaikdesign.com/wp-content/uploads/2019/06/Home-Interior-Design-Portland-Mosaik.jpg]
[mosaikdesign.com/wp-content/uploads/2020/02/expertise-interior-badge-2017.png]
[mosaikdesign.com/wp-content/uploads/2020/02/hba-badge-final.png]
[mosaikdesign.com/wp-content/uploads/2020/02/mosaik-houzz-2020.png]
[mosaikdesign.com/wp-content/uploads/2020/02/houzz-service-2019.png]
[mosaikdesign.com/wp-content/uploads/2020/02/hba-women-badge.png]
[mosaikdesign.com/wp-content/uploads/2020/02/hba-remodelers-badge.png]
[mosaikdesign.com/wp-content/uploads/2019/10/Minor-Remodel-Portfolio-2-400x250.jpg]
[mosaikdesign.com/2021/10/layering-rugs-tips-from-mosaik/index.html]
[mosaikdesign.com/wp-content/uploads/2019/08/Portland-Bungalow-Kitchen-1-400x250.jpg]
[mosaikdesign.com/2021/09/pandemic-home-projects/index.html]
[mosaikdesign.com/wp-content/uploads/2021/04/Mosaik-featured-on-houzz-blue-kitchen-400x250.png]
[mosaikdesign.com/2021/04/mosaik-blue-kitchen-featured-on-houzz/index.html]
[mosaikdesign.com/wp-content/uploads/2019/10/Minor-Remodel-Portfolio-2.jpg]
[mosaikdesign.com/wp-content/uploads/2019/08/Portland-Bungalow-Kitchen-1.jpg]
[mosaikdesign.com/blog/category/news/index.html]
[mosaikdesign.com/wp-content/uploads/2021/04/Mosaik-featured-on-houzz-blue-kitchen.png]
[mosaikdesign.com/blog/category/design-ideas/index.html]
[mosaikdesign.com/blog/category/tips-tricks/index.html]
[mosaikdesign.com/blog/category/annual-trends/index.html]
[mosaikdesign.com/wp-content/uploads/2021/03/Mid-Century-Kitchen-Remodel-1-1.jpg]
[mosaikdesign.com/blog/category/high-impact-on-a-tight-budget/index.html]
[mosaikdesign.com/wp-content/uploads/2021/02/remodeling-for-life-changes-portland-mosaik-design-remodeling.jpg]
[mosaikdesign.com/blog/category/color-theory/index.html]
[mosaikdesign.com/2021/04/mosaik-kitchen-remodel-oregon-home/index.html]
[mosaikdesign.com/wp-content/uploads/2019/10/Minor-Remodel-Portfolio-4.jpg]
[mosaikdesign.com/blog/category/kitchens/index.html]
[mosaikdesign.com/2021/02/remodeling-for-life-changes/index.html]
[mosaikdesign.com/wp-content/uploads/2019/10/Erin-Bio.jpg]
[mosaikdesign.com/blog/category/converting-unused-spaces/index.html]
[mosaikdesign.com/wp-content/uploads/2020/01/Home-addition-trend-basement-remodel-Mosaik-Portland.jpg]
[mosaikdesign.com/2020/12/safely-remodeling-home-during-covid-19/index.html]
[mosaikdesign.com/wp-content/uploads/2020/07/technology-remodel-portland-mosaik-design.png]
[mosaikdesign.com/2020/08/get-to-know-erin-davis/index.html]
[mosaikdesign.com/wp-content/uploads/2020/05/Mosaik-featured-on-Housecall.png]
[mosaikdesign.com/2020/07/mosaik-best-basement-remodeler-in-us/index.html]
[mosaikdesign.com/2020/07/technology-remodel/index.html]
[mosaikdesign.com/wp-content/plugins/instagram-feed/img/placeholder.png]
[mosaikdesign.com/wp-content/themes/MosaikDesign/images/form-submit.png]
[mosaikdesign.com/resources/index.html]
[mosaikdesign.com/privacy-policy/index.html]
[mosaikdesign.com/2020/05/mosaik-featured-on-housecall/index.html]
[mosaikdesign.com/wp-includes/js/mediaelement/mediaelementplayer-legacy.min.css]
[mosaikdesign.com/wp-includes/js/mediaelement/wp-mediaelement.min.css]
[mosaikdesign.com/wp-includes/css/dist/block-library/style.min.css]
[mosaikdesign.com/wp-content/plugins/gravityforms/legacy/css/formreset.min.css]
[mosaikdesign.com/wp-content/plugins/gravityforms/legacy/css/formsmain.min.css]
[mosaikdesign.com/wp-content/plugins/gravityforms/legacy/css/readyclass.min.css]
[mosaikdesign.com/wp-content/plugins/gravityforms/legacy/css/browsers.min.css]
[mosaikdesign.com/wp-content/plugins/surbma-divi-gravity-forms/css/surbma-divi-gravity-forms.css]
[mosaikdesign.com/wp-content/themes/Divi/includes/builder/feature/dynamic-assets/assets/js/jquery.fitvids.js]
[mosaikdesign.com/wp-content/themes/Divi/includes/builder/feature/dynamic-assets/assets/js/jquery.mobile.js]
[mosaikdesign.com/wp-content/themes/Divi/js/scripts.min.js]
[mosaikdesign.com/wp-content/themes/Divi/includes/builder/feature/dynamic-assets/assets/js/easypiechart.js]
[mosaikdesign.com/wp-content/themes/Divi/includes/builder/feature/dynamic-assets/assets/js/salvattore.js]
[mosaikdesign.com/wp-content/themes/Divi/core/admin/js/common.js]
[mosaikdesign.com/wp-includes/js/mediaelement/mediaelement-and-player.min.js]
[mosaikdesign.com/wp-includes/js/mediaelement/mediaelement-migrate.min.js]
[mosaikdesign.com/wp-includes/js/mediaelement/wp-mediaelement.min.js]
[mosaikdesign.com/wp-content/plugins/instagram-feed/js/sbi-scripts.min.js]
[mosaikdesign.com/wp-includes/js/dist/vendor/regenerator-runtime.min.js]
[mosaikdesign.com/wp-includes/js/dist/vendor/wp-polyfill.min.js]
[mosaikdesign.com/wp-includes/js/dist/dom-ready.min.js]
[mosaikdesign.com/wp-includes/js/dist/hooks.min.js]
[mosaikdesign.com/wp-includes/js/dist/i18n.min.js]
[mosaikdesign.com/wp-includes/js/dist/a11y.min.js]
[mosaikdesign.com/wp-content/plugins/gravityforms/js/jquery.json.min.js]
[mosaikdesign.com/wp-content/plugins/gravityforms/js/gravityforms.min.js]
[mosaikdesign.com/index.html]
[www.googletagmanager.com/gtm5445.html]
[mosaikdesign.com/wp-content/plugins/instagram-feed/css/sbi-styles.min.css]
[use.fontawesome.com/releases/v5.1.1/css/all.css]
[mosaikdesign.com/wp-content/plugins/gravityforms/js/placeholders.jquery.min.js]
[mosaikdesign.com/wp-content/et-cache/5/et-divi-dynamic-5-late.css]
[mosaikdesign.com/wp-content/et-cache/5/et-divi-dynamic-5.css]
[mosaikdesign.com/wp-content/plugins/divi_extended_column_layouts/style.css]
[mosaikdesign.com/wp-content/uploads/2019/06/Home-Quotes-Icon-Portland-Mosaik.png]
[mosaikdesign.com/wp-content/themes/MosaikDesign/style.css]
[mosaikdesign.com/wp-content/uploads/2019/06/Hero-Portland-Mosaik.jpg]
[mosaikdesign.com/wp-content/et-cache/5/et-core-unified-deferred-5.mince4d.css]
[mosaikdesign.com/wp-content/et-cache/482/et-divi-dynamic-482-late.css]
[mosaikdesign.com/wp-content/et-cache/482/et-divi-dynamic-482.css]
[mosaikdesign.com/wp-json/wp/v2/pages/482.json]
[mosaikdesign.com/wp-json/oembed/1.0/embedebb0.json]
[mosaikdesign.com/wp-json/oembed/1.0/embed2fd8]
[mosaikdesign.com/wp-content/uploads/2019/08/Saul-Zaik-Kitchen-1.jpg]
[mosaikdesign.com/wp-content/et-cache/482/et-core-unified-deferred-482.min025d.css]
[mosaikdesign.com/wp-content/uploads/2021/04/Mosaik-Design-Oregon-Home-Magazine-Cover.jpg]
[mosaikdesign.com/wp-content/uploads/2021/03/Oregon-Home-Feb-Cover.jpg]
[mosaikdesign.com/wp-content/uploads/2021/03/Better-Homes-Gardens-Kitchen-Ideas.jpg]
[mosaikdesign.com/wp-content/uploads/2022/09/DCP_220622_1145-680x480.jpg]
[mosaikdesign.com/wp-content/uploads/2022/09/DCP_220622_1073-680x480.jpg]
[mosaikdesign.com/wp-content/uploads/2022/09/DCP_220622_1235-680x480.jpg]
[mosaikdesign.com/portfolios/elegant-craftsman-kitchen/index.html]
[mosaikdesign.com/wp-content/uploads/2022/05/Cape-Cop-Kitchen-1-680x480.jpg]
[mosaikdesign.com/portfolios/elegant-craftsman-primary-bathroom/index.html]
[mosaikdesign.com/wp-content/uploads/2022/09/DCP_220622_1145-1080x720.jpg]
[mosaikdesign.com/portfolios/cape-cod-kitchen-remodel/index.html]
[mosaikdesign.com/wp-content/uploads/2022/09/DCP_220622_1073-1080x1655.jpg]
[mosaikdesign.com/portfolios/elegant-craftsman-powder-bathroom/index.html]
[mosaikdesign.com/our-services/index.html]
[mosaikdesign.com/wp-content/et-cache/488/et-divi-dynamic-488-late.css]
[mosaikdesign.com/wp-content/et-cache/488/et-divi-dynamic-488.css]
[mosaikdesign.com/wp-json/wp/v2/pages/488.json]
[mosaikdesign.com/wp-json/oembed/1.0/embed7842.json]
[mosaikdesign.com/wp-json/oembed/1.0/embed6c3e]
[mosaikdesign.com/wp-content/uploads/2019/10/Kitchen-Remodel-Service.jpg]
[mosaikdesign.com/wp-content/et-cache/488/et-core-unified-deferred-488.mine6c7.css]
[mosaikdesign.com/our-services/portland-kitchen-remodel/index.html]
[mosaikdesign.com/wp-content/et-cache/8861/et-divi-dynamic-8861-late.css]
[mosaikdesign.com/wp-content/et-cache/8861/et-divi-dynamic-8861.css]
[mosaikdesign.com/wp-json/wp/v2/pages/8861.json]
[mosaikdesign.com/wp-json/oembed/1.0/embedce66.json]
[mosaikdesign.com/wp-json/oembed/1.0/embedffea]
[mosaikdesign.com/wp-content/uploads/2019/10/Bathroom-remodel-service-1.jpg]
[mosaikdesign.com/wp-content/et-cache/8861/et-core-unified-deferred-8861.minfdf0.css]
[mosaikdesign.com/our-services/portland-bathroom-remodel/index.html]
[mosaikdesign.com/wp-content/et-cache/8887/et-divi-dynamic-8887-late.css]
[mosaikdesign.com/wp-content/et-cache/8887/et-divi-dynamic-8887.css]
[mosaikdesign.com/wp-json/wp/v2/pages/8887.json]
[mosaikdesign.com/wp-json/oembed/1.0/embede491.json]
[mosaikdesign.com/wp-json/oembed/1.0/embedc26d]
[mosaikdesign.com/wp-content/uploads/2019/09/living-space-basement.jpg]
[mosaikdesign.com/wp-content/et-cache/8887/et-core-unified-deferred-8887.minc789.css]
[mosaikdesign.com/our-services/portland-basement-remodel/index.html]
[mosaikdesign.com/wp-content/et-cache/8896/et-divi-dynamic-8896-late.css]
[mosaikdesign.com/wp-content/et-cache/8896/et-divi-dynamic-8896.css]
[mosaikdesign.com/wp-json/wp/v2/pages/8896.json]
[mosaikdesign.com/wp-json/oembed/1.0/embedcb11.json]
[mosaikdesign.com/wp-json/oembed/1.0/embedd8e3]
[mosaikdesign.com/wp-content/uploads/2019/10/Home-Addition-Service-2.jpg]
[mosaikdesign.com/wp-content/et-cache/8896/et-core-unified-deferred-8896.minaaff.css]
[mosaikdesign.com/our-services/portland-home-addition-remodel/index.html]
[mosaikdesign.com/wp-content/et-cache/8332/et-divi-dynamic-8332-late.css]
[mosaikdesign.com/wp-content/et-cache/8332/et-divi-dynamic-8332.css]
[mosaikdesign.com/wp-json/wp/v2/pages/8332.json]
[mosaikdesign.com/wp-json/oembed/1.0/embedb36c.json]
[mosaikdesign.com/wp-json/oembed/1.0/embedf437]
[mosaikdesign.com/wp-content/uploads/2019/10/interior-design-living-room.jpg]
[mosaikdesign.com/wp-content/et-cache/8332/et-core-unified-deferred-8332.min70aa.css]
[mosaikdesign.com/our-services/interior-design/index.html]
[mosaikdesign.com/wp-content/et-cache/8878/et-divi-dynamic-8878-late.css]
[mosaikdesign.com/wp-content/et-cache/8878/et-divi-dynamic-8878.css]
[mosaikdesign.com/wp-json/wp/v2/pages/8878.json]
[mosaikdesign.com/wp-json/oembed/1.0/embede2e5.json]
[mosaikdesign.com/wp-json/oembed/1.0/embedd830]
[mosaikdesign.com/wp-content/uploads/2019/10/modern-white-kitchen.jpg]
[mosaikdesign.com/wp-content/et-cache/8878/et-core-unified-deferred-8878.min4e89.css]
[mosaikdesign.com/our-services/portland-whole-home-remodel/index.html]
[mosaikdesign.com/wp-content/et-cache/483/et-divi-dynamic-483-late.css]
[mosaikdesign.com/wp-json/wp/v2/pages/483.json]
[mosaikdesign.com/wp-json/oembed/1.0/embed7955.json]
[mosaikdesign.com/wp-json/oembed/1.0/embedd654]
[mosaikdesign.com/wp-content/et-cache/483/et-core-unified-deferred-483.min11ce.css]
[mosaikdesign.com/wp-content/uploads/2022/05/DCP_220330_106-680x480.jpg]
[mosaikdesign.com/portfolios/cape-code-bath/index.html]
[mosaikdesign.com/wp-content/uploads/2021/03/Mid-Century-Kitchen-Remodel-1-1-680x480.jpg]
[mosaikdesign.com/portfolios/mid-century-kitchen-remodel/index.html]
[mosaikdesign.com/wp-content/uploads/2021/03/Dark-Blue-Hall-Bathroom-2-680x480.jpg]
[mosaikdesign.com/wp-content/uploads/2021/03/Mid-Century-Modern-Master-Bath-680x480.jpg]
[mosaikdesign.com/portfolios/dark-blue-hall-bath/index.html]
[mosaikdesign.com/portfolios/mid-century-modern-master-bath/index.html]
[mosaikdesign.com/wp-content/uploads/2019/10/Davis-remodel-portfolio-3-680x480.jpg]
[mosaikdesign.com/portfolios/modern-daylight-ranch-bathroom/index.html]
[mosaikdesign.com/wp-content/uploads/2019/10/Davis-remodel-portfolio-9-680x480.jpg]
[mosaikdesign.com/wp-content/uploads/2019/10/Minor-Remodel-Portfolio-1-680x480.jpg]
[mosaikdesign.com/portfolios/modern-daylight-ranch/index.html]
[mosaikdesign.com/wp-content/uploads/2019/10/Minor-Remodel-Portfolio-4-680x480.jpg]
[mosaikdesign.com/portfolios/mid-century-modern-bathroom/index.html]
[mosaikdesign.com/wp-content/uploads/2019/09/contemporary-spa_01-600x600-600x480.jpg]
[mosaikdesign.com/portfolios/mid-century-modern/index.html]
[mosaikdesign.com/wp-content/uploads/2019/09/Basement-bath1.jpg]
[mosaikdesign.com/portfolios/urban-chic-bathroom/index.html]
[mosaikdesign.com/wp-content/uploads/2019/08/Mid-Century-Modern-7-600x480.jpg]
[mosaikdesign.com/portfolios/industrial-chic-bathroom/index.html]
[mosaikdesign.com/wp-content/uploads/2019/08/Period-Glamour-29-600x480.jpg]
[mosaikdesign.com/portfolios/cedar-hills-modern-bathroom/index.html]
[mosaikdesign.com/wp-content/uploads/2019/09/Modern-Boys-Bath-2-680x480.jpg]
[mosaikdesign.com/portfolios/period-glamour-bathroom/index.html]
[mosaikdesign.com/wp-content/uploads/2019/08/Saul-Zaik-Kitchen-1-680x480.jpg]
[mosaikdesign.com/portfolios/modern-boys-bathroom/index.html]
[mosaikdesign.com/wp-content/uploads/2019/08/Portland-Bungalow-Kitchen-1-680x480.jpg]
[mosaikdesign.com/portfolios/saul-zaik-kitchen/index.html]
[mosaikdesign.com/wp-content/uploads/2019/08/Portland-Bungalow-1-680x480.jpg]
[mosaikdesign.com/portfolios/irvington-bungalow/index.html]
[mosaikdesign.com/wp-content/uploads/2019/08/Period-Glamour-2-680x480.jpg]
[mosaikdesign.com/wp-content/uploads/2019/08/Modern-Grey-and-White-2-680x480.jpg]
[mosaikdesign.com/portfolios/modern-grey-white/index.html]
[mosaikdesign.com/portfolios/period-glamour/index.html]
[mosaikdesign.com/portfolios/portland-bungalow/index.html]
[mosaikdesign.com/wp-content/uploads/2019/08/Mid-Century-Modern-3-680x480.jpg]
[mosaikdesign.com/portfolios/cedar-hills-modern/index.html]
[mosaikdesign.com/wp-content/uploads/2019/08/Industrial-Chic-2-680x480.jpg]
[mosaikdesign.com/wp-content/uploads/2019/08/Global-Master-Bathroom-1-680x480.jpg]
[mosaikdesign.com/wp-content/uploads/2019/08/French-Countryside-8-680x480.jpg]
[mosaikdesign.com/portfolios/industrial-chic/index.html]
[mosaikdesign.com/portfolios/global-master-bathroom/index.html]
[mosaikdesign.com/wp-content/uploads/2019/08/Elegant-French-Country-6-598x480.jpg]
[mosaikdesign.com/portfolios/french-countryside/index.html]
[mosaikdesign.com/wp-content/uploads/2019/08/Contemporary-SW-Portland-5-680x480.jpg]
[mosaikdesign.com/portfolios/elegant-french-country/index.html]
[mosaikdesign.com/wp-content/uploads/2019/08/Classic-Traditional-1139-680x480.jpg]
[mosaikdesign.com/portfolios/urban-chic/index.html]
[mosaikdesign.com/wp-content/uploads/2019/08/Authentic-Craftsman-Window-680x480.jpg]
[mosaikdesign.com/portfolios/classic-traditional/index.html]
[mosaikdesign.com/wp-content/uploads/2019/06/Traditional-SW-6259-crop-2-680x480.jpg]
[mosaikdesign.com/portfolio/index.html]
[mosaikdesign.com/portfolios/transitional-cottage/index.html]
[mosaikdesign.com/portfolios/authentic-craftsman/index.html]
[mosaikdesign.com/wp-content/et-cache/8447/et-divi-dynamic-8447-late.css]
[mosaikdesign.com/wp-json/wp/v2/pages/8447.json]
[mosaikdesign.com/wp-json/oembed/1.0/embed9e1f.json]
[mosaikdesign.com/wp-json/oembed/1.0/embedc7c9]
[mosaikdesign.com/wp-content/et-cache/8447/et-core-unified-deferred-8447.min4c44.css]
[mosaikdesign.com/wp-content/uploads/2022/09/DCP_220622_1235-1080x720.jpg]
[mosaikdesign.com/portfolio/kitchen-portfolios/index.html]
[mosaikdesign.com/wp-content/et-cache/8487/et-divi-dynamic-8487-late.css]
[mosaikdesign.com/wp-json/wp/v2/pages/8487.json]
[mosaikdesign.com/wp-json/oembed/1.0/embed6284.json]
[mosaikdesign.com/wp-json/oembed/1.0/embedcec5]
[mosaikdesign.com/portfolio/bathroom-portfolios/index.html]
[mosaikdesign.com/wp-content/et-cache/8487/et-core-unified-deferred-8487.minaac0.css]
[mosaikdesign.com/wp-content/et-cache/1100/et-divi-dynamic-1100-late.css]
[mosaikdesign.com/wp-content/themes/MosaikDesign/gallery-scripts.js]
[mosaikdesign.com/portfolio/bathroom-portfolios/page/2/indexff07.html]
[mosaikdesign.com/wp-json/wp/v2/project/1100.json]
[mosaikdesign.com/wp-json/oembed/1.0/embedd3ef.json]
[mosaikdesign.com/wp-json/oembed/1.0/embed1ae0]
[mosaikdesign.com/wp-content/et-cache/1100/et-core-unified-deferred-1100.min15ff.css]
[mosaikdesign.com/wp-content/uploads/2022/09/DCP_220622_1008.jpg]
[mosaikdesign.com/wp-content/uploads/2022/09/DCP_220622_1008-672x477.jpg]
[mosaikdesign.com/wp-content/uploads/2022/09/DCP_220622_1095.jpg]
[mosaikdesign.com/wp-content/uploads/2022/09/DCP_220622_1095-672x477.jpg]
[mosaikdesign.com/wp-content/uploads/2022/09/DCP_220622_1060.jpg]
[mosaikdesign.com/wp-content/uploads/2022/09/DCP_220622_1060-672x477.jpg]
[mosaikdesign.com/wp-content/uploads/2022/09/DCP_220622_1045.jpg]
[mosaikdesign.com/wp-content/uploads/2022/09/DCP_220622_1045-672x477.jpg]
[mosaikdesign.com/wp-content/uploads/2022/09/DCP_220622_1167.jpg]
[mosaikdesign.com/wp-content/uploads/2022/09/DCP_220622_1167-672x477.jpg]
[mosaikdesign.com/wp-content/uploads/2019/08/Industrial-Chic-4.jpg]
[mosaikdesign.com/wp-content/uploads/2019/08/Industrial-Chic-4-672x477.jpg]
[mosaikdesign.com/wp-content/uploads/2019/08/Industrial-Chic-3.jpg]
[mosaikdesign.com/wp-content/uploads/2019/08/Industrial-Chic-3-672x477.jpg]
[mosaikdesign.com/wp-content/uploads/2019/08/Industrial-Chic-6.jpg]
[mosaikdesign.com/wp-content/uploads/2019/08/Industrial-Chic-6-672x477.jpg]
[mosaikdesign.com/wp-content/uploads/2019/10/Davis-remodel-portfolio-15.jpg]
[mosaikdesign.com/wp-content/uploads/2019/10/Davis-remodel-portfolio-15-672x477.jpg]
[mosaikdesign.com/wp-content/uploads/2019/10/Davis-remodel-portfolio-2.jpg]
[mosaikdesign.com/wp-content/uploads/2019/10/Davis-remodel-portfolio-2-672x477.jpg]
[mosaikdesign.com/wp-content/uploads/2019/10/Minor-Remodel-Portfolio-2-672x477.jpg]
[mosaikdesign.com/wp-content/uploads/2019/10/Davis-remodel-portfolio-1.jpg]
[mosaikdesign.com/wp-content/uploads/2019/10/Davis-remodel-portfolio-1-672x477.jpg]
[mosaikdesign.com/wp-content/uploads/2019/10/Minor-Remodel-Portfolio-6.jpg]
[mosaikdesign.com/wp-content/uploads/2019/10/Minor-Remodel-Portfolio-6-672x477.jpg]
[mosaikdesign.com/wp-content/uploads/2019/10/Davis-remodel-portfolio-8.jpg]
[mosaikdesign.com/wp-content/uploads/2019/10/Davis-remodel-portfolio-8-672x477.jpg]
[mosaikdesign.com/wp-content/uploads/2019/10/Davis-remodel-portfolio-5.jpg]
[mosaikdesign.com/wp-content/uploads/2019/10/Davis-remodel-portfolio-5-672x477.jpg]
[mosaikdesign.com/wp-content/uploads/2019/08/Random-Interior-Design-1.jpg]
[mosaikdesign.com/wp-content/uploads/2019/08/Random-Interior-Design-1-672x477.jpg]
[mosaikdesign.com/wp-content/uploads/2019/08/Random-Interior-Design-2.jpg]
[mosaikdesign.com/wp-content/uploads/2019/08/Random-Interior-Design-2-672x477.jpg]
[mosaikdesign.com/wp-content/uploads/2019/10/Davis-remodel-portfolio-16.jpg]
[mosaikdesign.com/wp-content/uploads/2019/10/Davis-remodel-portfolio-16-672x477.jpg]
[mosaikdesign.com/wp-content/uploads/2019/10/Minor-Remodel-Portfolio-3.jpg]
[mosaikdesign.com/wp-content/uploads/2019/10/Minor-Remodel-Portfolio-3-672x477.jpg]
[mosaikdesign.com/wp-content/uploads/2019/10/mosaik-interior-design-13.jpg]
[mosaikdesign.com/wp-content/uploads/2019/10/mosaik-interior-design-13-672x477.jpg]
[mosaikdesign.com/wp-content/uploads/2019/10/mosaik-interior-design-14.jpg]
[mosaikdesign.com/wp-content/uploads/2019/10/mosaik-interior-design-14-672x477.jpg]
[mosaikdesign.com/wp-content/uploads/2019/10/mosaik-interior-design-12.jpg]
[mosaikdesign.com/wp-content/uploads/2019/10/mosaik-interior-design-12-672x477.jpg]
[mosaikdesign.com/wp-content/uploads/2019/10/mosaik-interior-design-7.jpg]
[mosaikdesign.com/wp-content/uploads/2019/10/mosaik-interior-design-7-672x477.jpg]
[mosaikdesign.com/wp-content/uploads/2019/10/mosaik-interior-design-5.jpg]
[mosaikdesign.com/wp-content/uploads/2019/10/mosaik-interior-design-5-672x477.jpg]
[mosaikdesign.com/wp-content/uploads/2019/10/nw-contemporary-dining-room2.jpg]
[mosaikdesign.com/wp-content/uploads/2019/10/nw-contemporary-dining-room2-672x477.jpg]
[mosaikdesign.com/wp-content/uploads/2019/10/Services-Page-Bathroom.jpg]
[mosaikdesign.com/wp-content/uploads/2019/10/Services-Page-Bathroom-672x477.jpg]
[mosaikdesign.com/wp-content/uploads/2019/11/Period-Glamour-3b.jpg]
[mosaikdesign.com/wp-content/uploads/2019/11/Period-Glamour-3b-672x477.jpg]
[mosaikdesign.com/wp-content/uploads/2019/11/Period-Glamour-4b.jpg]
[mosaikdesign.com/wp-content/uploads/2019/11/Period-Glamour-4b-672x477.jpg]
[mosaikdesign.com/wp-content/uploads/2019/11/Period-Glamour-5b.jpg]
[mosaikdesign.com/wp-content/uploads/2019/11/Period-Glamour-5b-672x477.jpg]
[mosaikdesign.com/wp-content/uploads/2019/11/Period-Glamour-7b.jpg]
[mosaikdesign.com/wp-content/uploads/2019/11/Period-Glamour-7b-672x477.jpg]
[mosaikdesign.com/wp-content/uploads/2019/11/Period-Glamour-8b.jpg]
[mosaikdesign.com/wp-content/uploads/2019/11/Period-Glamour-8b-672x477.jpg]
[mosaikdesign.com/wp-content/uploads/2019/11/Period-Glamour-9b.jpg]
[mosaikdesign.com/wp-content/uploads/2019/11/Period-Glamour-9b-672x477.jpg]
[mosaikdesign.com/wp-content/uploads/2019/11/Period-Glamour-10b.jpg]
[mosaikdesign.com/wp-content/uploads/2019/11/Period-Glamour-10b-672x477.jpg]
[mosaikdesign.com/wp-content/uploads/2019/11/Period-Glamour-13b.jpg]
[mosaikdesign.com/wp-content/uploads/2019/11/Period-Glamour-13b-672x477.jpg]
[mosaikdesign.com/wp-content/uploads/2019/11/Period-Glamour-12b.jpg]
[mosaikdesign.com/wp-content/uploads/2019/11/Period-Glamour-12b-672x477.jpg]
[mosaikdesign.com/wp-content/uploads/2019/11/Period-Glamour-15b.jpg]
[mosaikdesign.com/wp-content/uploads/2019/11/Period-Glamour-15b-672x477.jpg]
[mosaikdesign.com/wp-content/uploads/2019/11/Period-Glamour-16b.jpg]
[mosaikdesign.com/wp-content/uploads/2019/11/Period-Glamour-16b-672x477.jpg]
[mosaikdesign.com/wp-content/uploads/2019/11/Period-Glamour-17b.jpg]
[mosaikdesign.com/wp-content/uploads/2019/11/Period-Glamour-17b-672x477.jpg]
[mosaikdesign.com/wp-content/uploads/2019/11/Period-Glamour-18b.jpg]
[mosaikdesign.com/wp-content/uploads/2019/11/Period-Glamour-18b-672x477.jpg]
[mosaikdesign.com/wp-content/uploads/2019/11/Period-Glamour-19b.jpg]
[mosaikdesign.com/wp-content/uploads/2019/11/Period-Glamour-19b-672x477.jpg]
[mosaikdesign.com/wp-content/uploads/2019/11/Teansitional-Cottage-3b.jpg]
[mosaikdesign.com/wp-content/uploads/2019/11/Teansitional-Cottage-3b-672x477.jpg]
[mosaikdesign.com/wp-content/uploads/2019/08/Transitional-cottage-2.jpg]
[mosaikdesign.com/portfolios/interior-design-portfolio/index.html]
[mosaikdesign.com/wp-content/themes/Divi/includes/builder/feature/dynamic-assets/assets/js/magnific-popup.js]
[mosaikdesign.com/wp-content/et-cache/484/et-divi-dynamic-484.css]
[mosaikdesign.com/wp-json/wp/v2/pages/484.json]
[mosaikdesign.com/wp-json/oembed/1.0/embed40f3.json]
[mosaikdesign.com/wp-json/oembed/1.0/embed6289]
[mosaikdesign.com/wp-content/uploads/2019/10/Davis-remodel-portfolio-9.jpg]
[mosaikdesign.com/design-build-process/index.html]
[mosaikdesign.com/about-us/index.html]
[mosaikdesign.com/press/index.html]
[mosaikdesign.com/blog/index.html]
[mosaikdesign.com/contact/index.html]
[mosaikdesign.com/reviews/index.html]
[mosaikdesign.com/2021/10/layering-rugs-tips-from-mosaik/index.html]
[mosaikdesign.com/2021/09/pandemic-home-projects/index.html]
[mosaikdesign.com/2021/04/mosaik-blue-kitchen-featured-on-houzz/index.html]
[mosaikdesign.com/author/delmain/index.html]
[mosaikdesign.com/wp-content/et-cache/484/et-core-unified-deferred-484.mina4e7.html]
[mosaikdesign.com/blog/category/design-ideas/index.html]
[mosaikdesign.com/blog/category/news/index.html]
[mosaikdesign.com/blog/category/tips-tricks/index.html]
[mosaikdesign.com/blog/category/annual-trends/index.html]
[mosaikdesign.com/blog/category/high-impact-on-a-tight-budget/index.html]
[mosaikdesign.com/blog/category/color-theory/index.html]
[mosaikdesign.com/2021/04/mosaik-kitchen-remodel-oregon-home/index.html]
[mosaikdesign.com/blog/category/kitchens/index.html]
[mosaikdesign.com/2021/02/remodeling-for-life-changes/index.html]
[mosaikdesign.com/blog/category/converting-unused-spaces/index.html]
[mosaikdesign.com/2020/12/safely-remodeling-home-during-covid-19/index.html]
[mosaikdesign.com/2020/08/get-to-know-erin-davis/index.html]
[mosaikdesign.com/2020/07/mosaik-best-basement-remodeler-in-us/index.html]
[mosaikdesign.com/2020/07/technology-remodel/index.html]
[mosaikdesign.com/2020/05/mosaik-featured-on-housecall/index.html]
[mosaikdesign.com/privacy-policy/index.html]
[mosaikdesign.com/resources/index.html]
[mosaikdesign.com/wp-admin/admin-ajax.html]
[mosaikdesign.com/wp-includes/js/mediaelement/mediaelementplayer-legacy.min.css]
[mosaikdesign.com/wp-includes/js/mediaelement/wp-mediaelement.min.css]
[mosaikdesign.com/wp-includes/css/dist/block-library/style.min.css]
[mosaikdesign.com/wp-content/plugins/gravityforms/legacy/css/formreset.min.css]
[mosaikdesign.com/wp-content/plugins/gravityforms/legacy/css/formsmain.min.css]
[mosaikdesign.com/wp-content/plugins/gravityforms/legacy/css/readyclass.min.css]
[mosaikdesign.com/wp-content/plugins/gravityforms/legacy/css/browsers.min.css]
[mosaikdesign.com/wp-content/plugins/surbma-divi-gravity-forms/css/surbma-divi-gravity-forms.css]
[mosaikdesign.com/wp-content/et-cache/482/et-divi-dynamic-482-late.css]
[mosaikdesign.com/wp-content/et-cache/482/et-divi-dynamic-482.css]
[mosaikdesign.com/index54a8.html]
[mosaikdesign.com/wp-content/et-cache/482/et-core-unified-deferred-482.min025d.css]
[mosaikdesign.com/portfolios/elegant-craftsman-kitchen/index.html]
[mosaikdesign.com/portfolios/elegant-craftsman-powder-bathroom/index.html]
[mosaikdesign.com/portfolios/elegant-craftsman-primary-bathroom/index.html]
[mosaikdesign.com/portfolios/cape-cod-kitchen-remodel/index.html]
[mosaikdesign.com/wp-content/et-cache/488/et-divi-dynamic-488-late.css]
[mosaikdesign.com/wp-content/et-cache/488/et-divi-dynamic-488.css]
[mosaikdesign.com/indexfaa1.html]
[mosaikdesign.com/wp-content/et-cache/488/et-core-unified-deferred-488.mine6c7.css]
[mosaikdesign.com/wp-content/et-cache/8861/et-divi-dynamic-8861-late.css]
[mosaikdesign.com/wp-content/et-cache/8861/et-divi-dynamic-8861.css]
[mosaikdesign.com/index2b8e.html]
[mosaikdesign.com/wp-content/et-cache/8861/et-core-unified-deferred-8861.minfdf0.css]
[mosaikdesign.com/wp-content/et-cache/8887/et-divi-dynamic-8887-late.css]
[mosaikdesign.com/wp-content/et-cache/8887/et-divi-dynamic-8887.css]
[mosaikdesign.com/indexd9ae.html]
[mosaikdesign.com/wp-content/et-cache/8887/et-core-unified-deferred-8887.minc789.css]
[mosaikdesign.com/wp-content/et-cache/8896/et-divi-dynamic-8896-late.css]
[mosaikdesign.com/wp-content/et-cache/8896/et-divi-dynamic-8896.css]
[mosaikdesign.com/index4b5e.html]
[mosaikdesign.com/wp-content/et-cache/8896/et-core-unified-deferred-8896.minaaff.css]
[mosaikdesign.com/wp-content/et-cache/8332/et-divi-dynamic-8332-late.css]
[mosaikdesign.com/wp-content/et-cache/8332/et-divi-dynamic-8332.css]
[mosaikdesign.com/index15a6.html]
[mosaikdesign.com/wp-content/et-cache/8332/et-core-unified-deferred-8332.min70aa.css]
[mosaikdesign.com/wp-content/et-cache/8878/et-divi-dynamic-8878-late.css]
[mosaikdesign.com/wp-content/et-cache/8878/et-divi-dynamic-8878.css]
[mosaikdesign.com/index150d.html]
[mosaikdesign.com/wp-content/et-cache/8878/et-core-unified-deferred-8878.min4e89.css]
[mosaikdesign.com/wp-content/et-cache/483/et-divi-dynamic-483-late.css]
[mosaikdesign.com/index3758.html]
[mosaikdesign.com/wp-content/et-cache/483/et-core-unified-deferred-483.min11ce.css]
[mosaikdesign.com/portfolios/cape-code-bath/index.html]
[mosaikdesign.com/portfolios/mid-century-kitchen-remodel/index.html]
[mosaikdesign.com/portfolios/dark-blue-hall-bath/index.html]
[mosaikdesign.com/portfolios/mid-century-modern-master-bath/index.html]
[mosaikdesign.com/portfolios/modern-daylight-ranch-bathroom/index.html]
[mosaikdesign.com/portfolios/modern-daylight-ranch/index.html]
[mosaikdesign.com/portfolios/mid-century-modern-bathroom/index.html]
[mosaikdesign.com/portfolios/mid-century-modern/index.html]
[mosaikdesign.com/portfolios/urban-chic-bathroom/index.html]
[mosaikdesign.com/portfolios/industrial-chic-bathroom/index.html]
[mosaikdesign.com/portfolios/cedar-hills-modern-bathroom/index.html]
[mosaikdesign.com/portfolios/period-glamour-bathroom/index.html]
[mosaikdesign.com/portfolios/modern-boys-bathroom/index.html]
[mosaikdesign.com/portfolios/saul-zaik-kitchen/index.html]
[mosaikdesign.com/portfolios/irvington-bungalow/index.html]
[mosaikdesign.com/portfolios/portland-bungalow/index.html]
[mosaikdesign.com/portfolios/period-glamour/index.html]
[mosaikdesign.com/portfolios/modern-grey-white/index.html]
[mosaikdesign.com/portfolios/cedar-hills-modern/index.html]
[mosaikdesign.com/portfolios/industrial-chic/index.html]
[mosaikdesign.com/portfolios/global-master-bathroom/index.html]
[mosaikdesign.com/portfolios/french-countryside/index.html]
[mosaikdesign.com/portfolios/elegant-french-country/index.html]
[mosaikdesign.com/portfolios/urban-chic/index.html]
[mosaikdesign.com/portfolios/classic-traditional/index.html]
[mosaikdesign.com/portfolios/authentic-craftsman/index.html]
[mosaikdesign.com/portfolios/transitional-cottage/index.html]
[mosaikdesign.com/wp-content/et-cache/8447/et-divi-dynamic-8447-late.css]
[mosaikdesign.com/indexd750.html]
[mosaikdesign.com/wp-content/et-cache/8447/et-core-unified-deferred-8447.min4c44.css]
[mosaikdesign.com/wp-content/et-cache/8487/et-divi-dynamic-8487-late.css]
[mosaikdesign.com/index8c9e.html]
[mosaikdesign.com/wp-content/et-cache/8487/et-core-unified-deferred-8487.minaac0.css]
[mosaikdesign.com/portfolio/bathroom-portfolios/page/2/indexff07.html]
[mosaikdesign.com/wp-content/et-cache/1100/et-divi-dynamic-1100-late.css]
[mosaikdesign.com/indexa317.html]
[mosaikdesign.com/wp-content/et-cache/1100/et-core-unified-deferred-1100.min15ff.css]
[mosaikdesign.com/wp-content/et-cache/484/et-divi-dynamic-484.css]
[mosaikdesign.com/index4c50.html]
[mosaikdesign.com/wp-content/et-cache/484/et-core-unified-deferred-484.mina4e7.html]
[mosaikdesign.com/xmlrpc.php]
[mosaikdesign.com/xmlrpc0db0.php]
[mosaikdesign.com/wp-includes/wlwmanifest.xml]
